// Jest Snapshot v1, https://goo.gl/fbAQLP

exports[`CharacterSheet renders correctly 1`] = `
<div
  data-testid="auth-provider"
>
  <div
    class="min-h-screen bg-gradient-to-b from-purple-900 via-purple-800 to-slate-900 p-4"
  >
    <div
      class="max-w-6xl mx-auto"
    >
      <p
        class="text-center text-purple-200 py-8"
      >
        Loading character...
      </p>
    </div>
  </div>
</div>
`;
