// Jest Snapshot v1, https://goo.gl/fbAQLP

exports[`NotFound Page renders correctly 1`] = `
<div
  data-testid="auth-provider"
>
  <div
    class="min-h-screen flex items-center justify-center bg-nebula"
  >
    <div
      class="text-center"
    >
      <h1
        class="text-4xl font-bold mb-4 text-white"
      >
        404
      </h1>
      <p
        class="text-xl text-brand-200 mb-4"
      >
        Oops! Page not found
      </p>
      <a
        class="text-yellow-400 hover:text-yellow-300 underline font-semibold"
        href="/"
      >
        Return to Home
      </a>
    </div>
  </div>
</div>
`;
